// Jest Snapshot v1, https://goo.gl/fbAQLP

exports[`SNAP TESTING RESOURCE-DETAILS COMPONENT Should Render Successfully 1`] = `
.c0 {
  display: -webkit-box;
  display: -webkit-flex;
  display: -ms-flexbox;
  display: flex;
  -webkit-flex-direction: column;
  -ms-flex-direction: column;
  flex-direction: column;
}

.c1 {
  -webkit-box-pack: space-evenly;
  -webkit-justify-content: space-evenly;
  -ms-flex-pack: space-evenly;
  justify-content: space-evenly;
}

.c2 {
  width: 100%;
  margin: 0px;
  font-size: 1.3rem;
  font-weight: 400;
  line-height: normal;
  color: rgb(120,126,143);
  overflow: hidden;
  text-overflow: ellipsis;
  white-space: nowrap;
}

<div
  className="c0"
>
  <div
    className="c0 c1"
  >
    <h2
      data-testid="resource-title"
    >
      Title
    </h2>
    <h3
      className="c2"
      data-testid="resource-collection-title"
    >
      API ID : Artists
    </h3>
  </div>
</div>
`;
